2025-04-01 05:41:37,536 - DataProcessor - INFO - Starting compilation of JSON files from gate_questions
2025-04-01 05:41:37,538 - DataProcessor - INFO - Found 32 year directories
2025-04-01 05:41:37,540 - DataProcessor - INFO - Added 50 questions for 2001
2025-04-01 05:41:37,541 - DataProcessor - INFO - Added 50 questions for 2002
2025-04-01 05:41:37,543 - DataProcessor - INFO - Added 90 questions for 2003
2025-04-01 05:41:37,545 - DataProcessor - INFO - Added 90 questions for 2004
2025-04-01 05:41:37,547 - DataProcessor - INFO - Added 90 questions for 2005
2025-04-01 05:41:37,549 - DataProcessor - INFO - Added 85 questions for 2006
2025-04-01 05:41:37,550 - DataProcessor - INFO - Added 85 questions for 2007
2025-04-01 05:41:37,552 - DataProcessor - INFO - Added 85 questions for 2008
2025-04-01 05:41:37,553 - DataProcessor - INFO - Added 60 questions for 2009
2025-04-01 05:41:37,554 - DataProcessor - INFO - Added 55 questions for 2010
2025-04-01 05:41:37,555 - DataProcessor - INFO - Added 55 questions for 2011
2025-04-01 05:41:37,556 - DataProcessor - INFO - Added 55 questions for 2012
2025-04-01 05:41:37,558 - DataProcessor - INFO - Added 55 questions for 2013
2025-04-01 05:41:37,559 - DataProcessor - INFO - Added 55 questions for 2014-set-1
2025-04-01 05:41:37,560 - DataProcessor - INFO - Added 55 questions for 2014-set-2
2025-04-01 05:41:37,562 - DataProcessor - INFO - Added 55 questions for 2014-set-3
2025-04-01 05:41:37,563 - DataProcessor - INFO - Added 55 questions for 2014-set-4
2025-04-01 05:41:37,565 - DataProcessor - INFO - Added 55 questions for 2015-set-1
2025-04-01 05:41:37,566 - DataProcessor - INFO - Added 55 questions for 2015-set-2
2025-04-01 05:41:37,567 - DataProcessor - INFO - Added 55 questions for 2015-set-3
2025-04-01 05:41:37,568 - DataProcessor - INFO - Added 55 questions for 2016-set-1
2025-04-01 05:41:37,569 - DataProcessor - INFO - Added 55 questions for 2016-set-2
2025-04-01 05:41:37,570 - DataProcessor - INFO - Added 55 questions for 2016-set-3
2025-04-01 05:41:37,572 - DataProcessor - INFO - Added 55 questions for 2017-set-1
2025-04-01 05:41:37,573 - DataProcessor - INFO - Added 55 questions for 2017-set-2
2025-04-01 05:41:37,574 - DataProcessor - INFO - Added 55 questions for 2018
2025-04-01 05:41:37,575 - DataProcessor - INFO - Added 55 questions for 2019
2025-04-01 05:41:37,576 - DataProcessor - INFO - Added 55 questions for 2020
2025-04-01 05:41:37,577 - DataProcessor - INFO - Added 65 questions for 2021
2025-04-01 05:41:37,579 - DataProcessor - INFO - Added 65 questions for 2022
2025-04-01 05:41:37,581 - DataProcessor - INFO - Added 65 questions for 2023
2025-04-01 05:41:37,582 - DataProcessor - INFO - Added 65 questions for 2024
2025-04-01 05:41:37,668 - DataProcessor - INFO - Successfully compiled 24 years of questions into gate_ec_all_years.json
2025-04-01 05:41:37,672 - DataProcessor - INFO - Process completed
2025-04-01 15:15:45,711 - DataProcessor - INFO - Starting compilation of JSON files from gate_questions
2025-04-01 15:15:45,713 - DataProcessor - INFO - Found 32 year directories
2025-04-01 15:15:45,715 - DataProcessor - INFO - Added 50 questions for 2001
2025-04-01 15:15:45,717 - DataProcessor - INFO - Added 50 questions for 2002
2025-04-01 15:15:45,720 - DataProcessor - INFO - Added 90 questions for 2003
2025-04-01 15:15:45,723 - DataProcessor - INFO - Added 90 questions for 2004
2025-04-01 15:15:45,725 - DataProcessor - INFO - Added 90 questions for 2005
2025-04-01 15:15:45,727 - DataProcessor - INFO - Added 85 questions for 2006
2025-04-01 15:15:45,729 - DataProcessor - INFO - Added 85 questions for 2007
2025-04-01 15:15:45,732 - DataProcessor - INFO - Added 85 questions for 2008
2025-04-01 15:15:45,734 - DataProcessor - INFO - Added 60 questions for 2009
2025-04-01 15:15:45,737 - DataProcessor - INFO - Added 55 questions for 2010
2025-04-01 15:15:45,740 - DataProcessor - INFO - Added 55 questions for 2011
2025-04-01 15:15:45,741 - DataProcessor - INFO - Added 55 questions for 2012
2025-04-01 15:15:45,743 - DataProcessor - INFO - Added 55 questions for 2013
2025-04-01 15:15:45,745 - DataProcessor - INFO - Added 55 questions for 2014-set-1
2025-04-01 15:15:45,747 - DataProcessor - INFO - Added 55 questions for 2014-set-2
2025-04-01 15:15:45,749 - DataProcessor - INFO - Added 55 questions for 2014-set-3
2025-04-01 15:15:45,750 - DataProcessor - INFO - Added 55 questions for 2014-set-4
2025-04-01 15:15:45,752 - DataProcessor - INFO - Added 55 questions for 2015-set-1
2025-04-01 15:15:45,753 - DataProcessor - INFO - Added 55 questions for 2015-set-2
2025-04-01 15:15:45,754 - DataProcessor - INFO - Added 55 questions for 2015-set-3
2025-04-01 15:15:45,757 - DataProcessor - INFO - Added 55 questions for 2016-set-1
2025-04-01 15:15:45,759 - DataProcessor - INFO - Added 55 questions for 2016-set-2
2025-04-01 15:15:45,761 - DataProcessor - INFO - Added 55 questions for 2016-set-3
2025-04-01 15:15:45,762 - DataProcessor - INFO - Added 55 questions for 2017-set-1
2025-04-01 15:15:45,763 - DataProcessor - INFO - Added 55 questions for 2017-set-2
2025-04-01 15:15:45,765 - DataProcessor - INFO - Added 55 questions for 2018
2025-04-01 15:15:45,767 - DataProcessor - INFO - Added 55 questions for 2019
2025-04-01 15:15:45,769 - DataProcessor - INFO - Added 55 questions for 2020
2025-04-01 15:15:45,773 - DataProcessor - INFO - Added 65 questions for 2021
2025-04-01 15:15:45,775 - DataProcessor - INFO - Added 65 questions for 2022
2025-04-01 15:15:45,777 - DataProcessor - INFO - Added 65 questions for 2023
2025-04-01 15:15:45,780 - DataProcessor - INFO - Added 65 questions for 2024
2025-04-01 15:15:45,900 - DataProcessor - INFO - Successfully compiled 32 years/sets of questions into gate_ec_all_years.json
2025-04-01 15:15:45,907 - DataProcessor - INFO - Process completed
2025-04-01 15:17:05,312 - DataProcessor - INFO - Starting compilation of JSON files from gate_questions
2025-04-01 15:17:05,313 - DataProcessor - INFO - Found 32 year directories
2025-04-01 15:17:05,315 - DataProcessor - INFO - Added 50 questions for 2001
2025-04-01 15:17:05,316 - DataProcessor - INFO - Added 50 questions for 2002
2025-04-01 15:17:05,318 - DataProcessor - INFO - Added 90 questions for 2003
2025-04-01 15:17:05,320 - DataProcessor - INFO - Added 90 questions for 2004
2025-04-01 15:17:05,321 - DataProcessor - INFO - Added 90 questions for 2005
2025-04-01 15:17:05,323 - DataProcessor - INFO - Added 85 questions for 2006
2025-04-01 15:17:05,326 - DataProcessor - INFO - Added 85 questions for 2007
2025-04-01 15:17:05,327 - DataProcessor - INFO - Added 85 questions for 2008
2025-04-01 15:17:05,328 - DataProcessor - INFO - Added 60 questions for 2009
2025-04-01 15:17:05,330 - DataProcessor - INFO - Added 55 questions for 2010
2025-04-01 15:17:05,331 - DataProcessor - INFO - Added 55 questions for 2011
2025-04-01 15:17:05,333 - DataProcessor - INFO - Added 55 questions for 2012
2025-04-01 15:17:05,336 - DataProcessor - INFO - Added 55 questions for 2013
2025-04-01 15:17:05,337 - DataProcessor - INFO - Added 55 questions for 2014-set-1
2025-04-01 15:17:05,339 - DataProcessor - INFO - Added 55 questions for 2014-set-2
2025-04-01 15:17:05,342 - DataProcessor - INFO - Added 55 questions for 2014-set-3
2025-04-01 15:17:05,343 - DataProcessor - INFO - Added 55 questions for 2014-set-4
2025-04-01 15:17:05,344 - DataProcessor - INFO - Added 55 questions for 2015-set-1
2025-04-01 15:17:05,346 - DataProcessor - INFO - Added 55 questions for 2015-set-2
2025-04-01 15:17:05,348 - DataProcessor - INFO - Added 55 questions for 2015-set-3
2025-04-01 15:17:05,350 - DataProcessor - INFO - Added 55 questions for 2016-set-1
2025-04-01 15:17:05,351 - DataProcessor - INFO - Added 55 questions for 2016-set-2
2025-04-01 15:17:05,353 - DataProcessor - INFO - Added 55 questions for 2016-set-3
2025-04-01 15:17:05,353 - DataProcessor - INFO - Added 55 questions for 2017-set-1
2025-04-01 15:17:05,356 - DataProcessor - INFO - Added 55 questions for 2017-set-2
2025-04-01 15:17:05,357 - DataProcessor - INFO - Added 55 questions for 2018
2025-04-01 15:17:05,358 - DataProcessor - INFO - Added 55 questions for 2019
2025-04-01 15:17:05,359 - DataProcessor - INFO - Added 55 questions for 2020
2025-04-01 15:17:05,361 - DataProcessor - INFO - Added 65 questions for 2021
2025-04-01 15:17:05,362 - DataProcessor - INFO - Added 65 questions for 2022
2025-04-01 15:17:05,365 - DataProcessor - INFO - Added 65 questions for 2023
2025-04-01 15:17:05,367 - DataProcessor - INFO - Added 65 questions for 2024
2025-04-01 15:17:05,493 - DataProcessor - INFO - Successfully compiled 32 years/sets of questions into gate_ec_all_years.json
2025-04-01 15:17:05,498 - DataProcessor - INFO - Process completed
2025-06-17 18:56:20,464 - DataProcessor - INFO - Starting compilation of JSON files from gate_questions
2025-06-17 18:56:20,466 - DataProcessor - INFO - Found 33 year/special directories
2025-06-17 18:56:20,466 - DataProcessor - INFO - Processing special directory: gate_dummy_aptitude_other_branches as dummy_aptitude
2025-06-17 18:56:20,498 - DataProcessor - INFO - Added 801 questions for dummy_aptitude
2025-06-17 18:56:20,512 - DataProcessor - INFO - Added 50 questions for 2001
2025-06-17 18:56:20,523 - DataProcessor - INFO - Added 50 questions for 2002
2025-06-17 18:56:20,535 - DataProcessor - INFO - Added 90 questions for 2003
2025-06-17 18:56:20,550 - DataProcessor - INFO - Added 90 questions for 2004
2025-06-17 18:56:20,563 - DataProcessor - INFO - Added 90 questions for 2005
2025-06-17 18:56:20,576 - DataProcessor - INFO - Added 85 questions for 2006
2025-06-17 18:56:20,590 - DataProcessor - INFO - Added 85 questions for 2007
2025-06-17 18:56:20,601 - DataProcessor - INFO - Added 85 questions for 2008
2025-06-17 18:56:20,613 - DataProcessor - INFO - Added 60 questions for 2009
2025-06-17 18:56:20,625 - DataProcessor - INFO - Added 55 questions for 2010
2025-06-17 18:56:20,636 - DataProcessor - INFO - Added 55 questions for 2011
2025-06-17 18:56:20,646 - DataProcessor - INFO - Added 55 questions for 2012
2025-06-17 18:56:20,658 - DataProcessor - INFO - Added 55 questions for 2013
2025-06-17 18:56:20,674 - DataProcessor - INFO - Added 55 questions for 2014-set-1
2025-06-17 18:56:20,685 - DataProcessor - INFO - Added 55 questions for 2014-set-2
2025-06-17 18:56:20,695 - DataProcessor - INFO - Added 55 questions for 2014-set-3
2025-06-17 18:56:20,709 - DataProcessor - INFO - Added 55 questions for 2014-set-4
2025-06-17 18:56:20,720 - DataProcessor - INFO - Added 55 questions for 2015-set-1
2025-06-17 18:56:20,731 - DataProcessor - INFO - Added 55 questions for 2015-set-2
2025-06-17 18:56:20,741 - DataProcessor - INFO - Added 55 questions for 2015-set-3
2025-06-17 18:56:20,753 - DataProcessor - INFO - Added 55 questions for 2016-set-1
2025-06-17 18:56:20,768 - DataProcessor - INFO - Added 55 questions for 2016-set-2
2025-06-17 18:56:20,781 - DataProcessor - INFO - Added 55 questions for 2016-set-3
2025-06-17 18:56:20,792 - DataProcessor - INFO - Added 55 questions for 2017-set-1
2025-06-17 18:56:20,802 - DataProcessor - INFO - Added 55 questions for 2017-set-2
2025-06-17 18:56:20,813 - DataProcessor - INFO - Added 55 questions for 2018
2025-06-17 18:56:20,824 - DataProcessor - INFO - Added 55 questions for 2019
2025-06-17 18:56:20,837 - DataProcessor - INFO - Added 55 questions for 2020
2025-06-17 18:56:20,848 - DataProcessor - INFO - Added 65 questions for 2021
2025-06-17 18:56:20,859 - DataProcessor - INFO - Added 65 questions for 2022
2025-06-17 18:56:20,861 - DataProcessor - INFO - Added 65 questions for 2023
2025-06-17 18:56:20,874 - DataProcessor - INFO - Added 65 questions for 2024
2025-06-17 18:56:20,998 - DataProcessor - INFO - Successfully compiled 33 years/sets of questions into gate_ec_all_years.json
2025-06-17 18:56:21,006 - DataProcessor - INFO - Process completed
2025-06-17 19:58:47,609 - DataProcessor - INFO - Starting compilation of JSON files from gate_questions
2025-06-17 19:58:47,611 - DataProcessor - INFO - Found 34 year/special directories
2025-06-17 19:58:47,611 - DataProcessor - INFO - Processing special directory: gate_dummy_aptitude_other_branches as dummy_aptitude
2025-06-17 19:58:47,638 - DataProcessor - INFO - Added 801 questions for dummy_aptitude
2025-06-17 19:58:47,638 - DataProcessor - INFO - Processing special directory: gate_dummy_engineering_mathematics_other_branches as dummy_engineering_mathematics
2025-06-17 19:58:47,653 - DataProcessor - INFO - Added 785 questions for dummy_engineering_mathematics
2025-06-17 19:58:47,668 - DataProcessor - INFO - Added 50 questions for 2001
2025-06-17 19:58:47,678 - DataProcessor - INFO - Added 50 questions for 2002
2025-06-17 19:58:47,688 - DataProcessor - INFO - Added 90 questions for 2003
2025-06-17 19:58:47,699 - DataProcessor - INFO - Added 90 questions for 2004
2025-06-17 19:58:47,711 - DataProcessor - INFO - Added 90 questions for 2005
2025-06-17 19:58:47,722 - DataProcessor - INFO - Added 85 questions for 2006
2025-06-17 19:58:47,736 - DataProcessor - INFO - Added 85 questions for 2007
2025-06-17 19:58:47,748 - DataProcessor - INFO - Added 85 questions for 2008
2025-06-17 19:58:47,759 - DataProcessor - INFO - Added 60 questions for 2009
2025-06-17 19:58:47,769 - DataProcessor - INFO - Added 55 questions for 2010
2025-06-17 19:58:47,780 - DataProcessor - INFO - Added 55 questions for 2011
2025-06-17 19:58:47,794 - DataProcessor - INFO - Added 55 questions for 2012
2025-06-17 19:58:47,804 - DataProcessor - INFO - Added 55 questions for 2013
2025-06-17 19:58:47,815 - DataProcessor - INFO - Added 55 questions for 2014-set-1
2025-06-17 19:58:47,824 - DataProcessor - INFO - Added 55 questions for 2014-set-2
2025-06-17 19:58:47,835 - DataProcessor - INFO - Added 55 questions for 2014-set-3
2025-06-17 19:58:47,847 - DataProcessor - INFO - Added 55 questions for 2014-set-4
2025-06-17 19:58:47,857 - DataProcessor - INFO - Added 55 questions for 2015-set-1
2025-06-17 19:58:47,868 - DataProcessor - INFO - Added 55 questions for 2015-set-2
2025-06-17 19:58:47,878 - DataProcessor - INFO - Added 55 questions for 2015-set-3
2025-06-17 19:58:47,889 - DataProcessor - INFO - Added 55 questions for 2016-set-1
2025-06-17 19:58:47,901 - DataProcessor - INFO - Added 55 questions for 2016-set-2
2025-06-17 19:58:47,913 - DataProcessor - INFO - Added 55 questions for 2016-set-3
2025-06-17 19:58:47,923 - DataProcessor - INFO - Added 55 questions for 2017-set-1
2025-06-17 19:58:47,934 - DataProcessor - INFO - Added 55 questions for 2017-set-2
2025-06-17 19:58:47,944 - DataProcessor - INFO - Added 55 questions for 2018
2025-06-17 19:58:47,954 - DataProcessor - INFO - Added 55 questions for 2019
2025-06-17 19:58:47,966 - DataProcessor - INFO - Added 55 questions for 2020
2025-06-17 19:58:47,978 - DataProcessor - INFO - Added 65 questions for 2021
2025-06-17 19:58:47,988 - DataProcessor - INFO - Added 65 questions for 2022
2025-06-17 19:58:48,002 - DataProcessor - INFO - Added 65 questions for 2023
2025-06-17 19:58:48,018 - DataProcessor - INFO - Added 65 questions for 2024
2025-06-17 19:58:48,200 - DataProcessor - INFO - Successfully compiled 34 years/sets of questions into gate_ec_all_years.json
2025-06-17 19:58:48,209 - DataProcessor - INFO - Process completed
2025-06-18 05:21:36,314 - DataProcessor - INFO - Starting compilation of JSON files from gate_questions
2025-06-18 05:21:36,317 - DataProcessor - INFO - Found 34 year/special directories
2025-06-18 05:21:36,317 - DataProcessor - INFO - Processing special directory: gate_dummy_aptitude_other_branches as dummy_aptitude
2025-06-18 05:21:36,331 - DataProcessor - INFO - Added 801 questions for dummy_aptitude
2025-06-18 05:21:36,331 - DataProcessor - INFO - Processing special directory: gate_dummy_engineering_mathematics_other_branches as dummy_engineering_mathematics
2025-06-18 05:21:36,344 - DataProcessor - INFO - Added 785 questions for dummy_engineering_mathematics
2025-06-18 05:21:36,357 - DataProcessor - INFO - Added 50 questions for 2001
2025-06-18 05:21:36,368 - DataProcessor - INFO - Added 50 questions for 2002
2025-06-18 05:21:36,383 - DataProcessor - INFO - Added 90 questions for 2003
2025-06-18 05:21:36,397 - DataProcessor - INFO - Added 90 questions for 2004
2025-06-18 05:21:36,411 - DataProcessor - INFO - Added 90 questions for 2005
2025-06-18 05:21:36,425 - DataProcessor - INFO - Added 85 questions for 2006
2025-06-18 05:21:36,438 - DataProcessor - INFO - Added 85 questions for 2007
2025-06-18 05:21:36,451 - DataProcessor - INFO - Added 85 questions for 2008
2025-06-18 05:21:36,463 - DataProcessor - INFO - Added 60 questions for 2009
2025-06-18 05:21:36,475 - DataProcessor - INFO - Added 55 questions for 2010
2025-06-18 05:21:36,486 - DataProcessor - INFO - Added 55 questions for 2011
2025-06-18 05:21:36,499 - DataProcessor - INFO - Added 55 questions for 2012
2025-06-18 05:21:36,513 - DataProcessor - INFO - Added 55 questions for 2013
2025-06-18 05:21:36,524 - DataProcessor - INFO - Added 55 questions for 2014-set-1
2025-06-18 05:21:36,536 - DataProcessor - INFO - Added 55 questions for 2014-set-2
2025-06-18 05:21:36,550 - DataProcessor - INFO - Added 55 questions for 2014-set-3
2025-06-18 05:21:36,562 - DataProcessor - INFO - Added 55 questions for 2014-set-4
2025-06-18 05:21:36,575 - DataProcessor - INFO - Added 55 questions for 2015-set-1
2025-06-18 05:21:36,586 - DataProcessor - INFO - Added 55 questions for 2015-set-2
2025-06-18 05:21:36,600 - DataProcessor - INFO - Added 55 questions for 2015-set-3
2025-06-18 05:21:36,612 - DataProcessor - INFO - Added 55 questions for 2016-set-1
2025-06-18 05:21:36,624 - DataProcessor - INFO - Added 55 questions for 2016-set-2
2025-06-18 05:21:36,635 - DataProcessor - INFO - Added 55 questions for 2016-set-3
2025-06-18 05:21:36,648 - DataProcessor - INFO - Added 55 questions for 2017-set-1
2025-06-18 05:21:36,663 - DataProcessor - INFO - Added 55 questions for 2017-set-2
2025-06-18 05:21:36,675 - DataProcessor - INFO - Added 55 questions for 2018
2025-06-18 05:21:36,687 - DataProcessor - INFO - Added 55 questions for 2019
2025-06-18 05:21:36,698 - DataProcessor - INFO - Added 55 questions for 2020
2025-06-18 05:21:36,711 - DataProcessor - INFO - Added 65 questions for 2021
2025-06-18 05:21:36,723 - DataProcessor - INFO - Added 65 questions for 2022
2025-06-18 05:21:36,735 - DataProcessor - INFO - Added 65 questions for 2023
2025-06-18 05:21:36,748 - DataProcessor - INFO - Added 65 questions for 2024
2025-06-18 05:21:36,912 - DataProcessor - INFO - Successfully compiled 34 years/sets of questions into gate_ec_all_years.json
2025-06-18 05:21:36,918 - DataProcessor - INFO - Process completed
2025-06-29 23:56:39,809 - DataProcessor - INFO - Starting compilation for branch 'EE' from 'gate_questions' into 'gate_ee_all_years.json'
2025-06-29 23:56:39,811 - DataProcessor - INFO - Found 32 year/special directories to process.
2025-06-29 23:56:39,811 - DataProcessor - INFO - Processing special directory: gate_dummy_aptitude_other_branches as dummy_aptitude
2025-06-29 23:56:39,826 - DataProcessor - INFO - Added 801 questions for key 'dummy_aptitude'
2025-06-29 23:56:39,827 - DataProcessor - INFO - Processing special directory: gate_dummy_engineering_mathematics_other_branches as dummy_engineering_mathematics
2025-06-29 23:56:39,848 - DataProcessor - INFO - Added 785 questions for key 'dummy_engineering_mathematics'
2025-06-29 23:56:39,864 - DataProcessor - INFO - Added 50 questions for key '2001'
2025-06-29 23:56:39,881 - DataProcessor - INFO - Added 50 questions for key '2002'
2025-06-29 23:56:39,899 - DataProcessor - INFO - Added 90 questions for key '2003'
2025-06-29 23:56:39,911 - DataProcessor - INFO - Added 90 questions for key '2004'
2025-06-29 23:56:39,927 - DataProcessor - INFO - Added 90 questions for key '2005'
2025-06-29 23:56:39,944 - DataProcessor - INFO - Added 85 questions for key '2006'
2025-06-29 23:56:39,957 - DataProcessor - INFO - Added 85 questions for key '2007'
2025-06-29 23:56:39,974 - DataProcessor - INFO - Added 85 questions for key '2008'
2025-06-29 23:56:39,987 - DataProcessor - INFO - Added 60 questions for key '2009'
2025-06-29 23:56:40,000 - DataProcessor - INFO - Added 55 questions for key '2010'
2025-06-29 23:56:40,013 - DataProcessor - INFO - Added 55 questions for key '2011'
2025-06-29 23:56:40,028 - DataProcessor - INFO - Added 55 questions for key '2012'
2025-06-29 23:56:40,029 - DataProcessor - INFO - Added 55 questions for key '2013'
2025-06-29 23:56:40,042 - DataProcessor - INFO - Added 55 questions for key '2014-set-1'
2025-06-29 23:56:40,054 - DataProcessor - INFO - Added 55 questions for key '2014-set-2'
2025-06-29 23:56:40,065 - DataProcessor - INFO - Added 55 questions for key '2014-set-3'
2025-06-29 23:56:40,082 - DataProcessor - INFO - Added 55 questions for key '2015-set-1'
2025-06-29 23:56:40,095 - DataProcessor - INFO - Added 55 questions for key '2015-set-2'
2025-06-29 23:56:40,108 - DataProcessor - INFO - Added 55 questions for key '2016-set-1'
2025-06-29 23:56:40,120 - DataProcessor - INFO - Added 55 questions for key '2016-set-2'
2025-06-29 23:56:40,137 - DataProcessor - INFO - Added 55 questions for key '2017-set-1'
2025-06-29 23:56:40,149 - DataProcessor - INFO - Added 55 questions for key '2017-set-2'
2025-06-29 23:56:40,162 - DataProcessor - INFO - Added 55 questions for key '2018'
2025-06-29 23:56:40,173 - DataProcessor - INFO - Added 55 questions for key '2019'
2025-06-29 23:56:40,189 - DataProcessor - INFO - Added 55 questions for key '2020'
2025-06-29 23:56:40,202 - DataProcessor - INFO - Added 65 questions for key '2021'
2025-06-29 23:56:40,219 - DataProcessor - INFO - Added 65 questions for key '2022'
2025-06-29 23:56:40,235 - DataProcessor - INFO - Added 65 questions for key '2023'
2025-06-29 23:56:40,249 - DataProcessor - INFO - Added 65 questions for key '2024'
2025-06-29 23:56:40,251 - DataProcessor - INFO - Added 65 questions for key '2025'
2025-06-29 23:56:40,426 - DataProcessor - INFO - Successfully compiled 32 years/sets of questions into gate_ee_all_years.json
2025-06-29 23:56:40,432 - DataProcessor - INFO - Process completed
2025-06-29 23:57:34,172 - DataProcessor - INFO - Starting compilation for branch 'EC' from 'gate_questions' into 'gate_ec_all_years.json'
2025-06-29 23:57:34,174 - DataProcessor - INFO - Found 34 year/special directories to process.
2025-06-29 23:57:34,174 - DataProcessor - INFO - Processing special directory: gate_dummy_aptitude_other_branches as dummy_aptitude
2025-06-29 23:57:34,187 - DataProcessor - INFO - Added 801 questions for key 'dummy_aptitude'
2025-06-29 23:57:34,188 - DataProcessor - INFO - Processing special directory: gate_dummy_engineering_mathematics_other_branches as dummy_engineering_mathematics
2025-06-29 23:57:34,203 - DataProcessor - INFO - Added 785 questions for key 'dummy_engineering_mathematics'
2025-06-29 23:57:34,206 - DataProcessor - INFO - Added 50 questions for key '2001'
2025-06-29 23:57:34,208 - DataProcessor - INFO - Added 50 questions for key '2002'
2025-06-29 23:57:34,210 - DataProcessor - INFO - Added 90 questions for key '2003'
2025-06-29 23:57:34,212 - DataProcessor - INFO - Added 90 questions for key '2004'
2025-06-29 23:57:34,215 - DataProcessor - INFO - Added 90 questions for key '2005'
2025-06-29 23:57:34,217 - DataProcessor - INFO - Added 85 questions for key '2006'
2025-06-29 23:57:34,218 - DataProcessor - INFO - Added 85 questions for key '2007'
2025-06-29 23:57:34,221 - DataProcessor - INFO - Added 85 questions for key '2008'
2025-06-29 23:57:34,224 - DataProcessor - INFO - Added 60 questions for key '2009'
2025-06-29 23:57:34,226 - DataProcessor - INFO - Added 55 questions for key '2010'
2025-06-29 23:57:34,228 - DataProcessor - INFO - Added 55 questions for key '2011'
2025-06-29 23:57:34,230 - DataProcessor - INFO - Added 55 questions for key '2012'
2025-06-29 23:57:34,232 - DataProcessor - INFO - Added 55 questions for key '2013'
2025-06-29 23:57:34,235 - DataProcessor - INFO - Added 55 questions for key '2014-set-1'
2025-06-29 23:57:34,237 - DataProcessor - INFO - Added 55 questions for key '2014-set-2'
2025-06-29 23:57:34,239 - DataProcessor - INFO - Added 55 questions for key '2014-set-3'
2025-06-29 23:57:34,241 - DataProcessor - INFO - Added 55 questions for key '2014-set-4'
2025-06-29 23:57:34,244 - DataProcessor - INFO - Added 55 questions for key '2015-set-1'
2025-06-29 23:57:34,245 - DataProcessor - INFO - Added 55 questions for key '2015-set-2'
2025-06-29 23:57:34,248 - DataProcessor - INFO - Added 55 questions for key '2015-set-3'
2025-06-29 23:57:34,250 - DataProcessor - INFO - Added 55 questions for key '2016-set-1'
2025-06-29 23:57:34,252 - DataProcessor - INFO - Added 55 questions for key '2016-set-2'
2025-06-29 23:57:34,253 - DataProcessor - INFO - Added 55 questions for key '2016-set-3'
2025-06-29 23:57:34,255 - DataProcessor - INFO - Added 55 questions for key '2017-set-1'
2025-06-29 23:57:34,256 - DataProcessor - INFO - Added 55 questions for key '2017-set-2'
2025-06-29 23:57:34,258 - DataProcessor - INFO - Added 55 questions for key '2018'
2025-06-29 23:57:34,260 - DataProcessor - INFO - Added 55 questions for key '2019'
2025-06-29 23:57:34,263 - DataProcessor - INFO - Added 55 questions for key '2020'
2025-06-29 23:57:34,266 - DataProcessor - INFO - Added 65 questions for key '2021'
2025-06-29 23:57:34,268 - DataProcessor - INFO - Added 65 questions for key '2022'
2025-06-29 23:57:34,270 - DataProcessor - INFO - Added 65 questions for key '2023'
2025-06-29 23:57:34,273 - DataProcessor - INFO - Added 65 questions for key '2024'
2025-06-29 23:57:34,441 - DataProcessor - INFO - Successfully compiled 34 years/sets of questions into gate_ec_all_years.json
2025-06-29 23:57:34,447 - DataProcessor - INFO - Process completed
2026-02-18 15:48:09,807 - DataProcessor - INFO - Starting compilation for branch 'EC' from 'gate_questions' into 'gate_ec_all_years.json'
2026-02-18 15:48:09,809 - DataProcessor - INFO - Found 35 year/special directories to process.
2026-02-18 15:48:09,809 - DataProcessor - INFO - Processing special directory: gate_dummy_aptitude_other_branches as dummy_aptitude
2026-02-18 15:48:09,823 - DataProcessor - INFO - Added 801 questions for key 'dummy_aptitude'
2026-02-18 15:48:09,823 - DataProcessor - INFO - Processing special directory: gate_dummy_engineering_mathematics_other_branches as dummy_engineering_mathematics
2026-02-18 15:48:09,840 - DataProcessor - INFO - Added 785 questions for key 'dummy_engineering_mathematics'
2026-02-18 15:48:09,842 - DataProcessor - INFO - Added 50 questions for key '2001'
2026-02-18 15:48:09,843 - DataProcessor - INFO - Added 50 questions for key '2002'
2026-02-18 15:48:09,846 - DataProcessor - INFO - Added 90 questions for key '2003'
2026-02-18 15:48:09,847 - DataProcessor - INFO - Added 90 questions for key '2004'
2026-02-18 15:48:09,848 - DataProcessor - INFO - Added 90 questions for key '2005'
2026-02-18 15:48:09,851 - DataProcessor - INFO - Added 85 questions for key '2006'
2026-02-18 15:48:09,854 - DataProcessor - INFO - Added 85 questions for key '2007'
2026-02-18 15:48:09,855 - DataProcessor - INFO - Added 85 questions for key '2008'
2026-02-18 15:48:09,856 - DataProcessor - INFO - Added 60 questions for key '2009'
2026-02-18 15:48:09,857 - DataProcessor - INFO - Added 55 questions for key '2010'
2026-02-18 15:48:09,859 - DataProcessor - INFO - Added 55 questions for key '2011'
2026-02-18 15:48:09,860 - DataProcessor - INFO - Added 55 questions for key '2012'
2026-02-18 15:48:09,862 - DataProcessor - INFO - Added 55 questions for key '2013'
2026-02-18 15:48:09,863 - DataProcessor - INFO - Added 55 questions for key '2014-set-1'
2026-02-18 15:48:09,864 - DataProcessor - INFO - Added 55 questions for key '2014-set-2'
2026-02-18 15:48:09,865 - DataProcessor - INFO - Added 55 questions for key '2014-set-3'
2026-02-18 15:48:09,866 - DataProcessor - INFO - Added 55 questions for key '2014-set-4'
2026-02-18 15:48:09,866 - DataProcessor - INFO - Added 55 questions for key '2015-set-1'
2026-02-18 15:48:09,868 - DataProcessor - INFO - Added 55 questions for key '2015-set-2'
2026-02-18 15:48:09,870 - DataProcessor - INFO - Added 55 questions for key '2015-set-3'
2026-02-18 15:48:09,871 - DataProcessor - INFO - Added 55 questions for key '2016-set-1'
2026-02-18 15:48:09,872 - DataProcessor - INFO - Added 55 questions for key '2016-set-2'
2026-02-18 15:48:09,873 - DataProcessor - INFO - Added 55 questions for key '2016-set-3'
2026-02-18 15:48:09,874 - DataProcessor - INFO - Added 55 questions for key '2017-set-1'
2026-02-18 15:48:09,875 - DataProcessor - INFO - Added 55 questions for key '2017-set-2'
2026-02-18 15:48:09,877 - DataProcessor - INFO - Added 55 questions for key '2018'
2026-02-18 15:48:09,879 - DataProcessor - INFO - Added 55 questions for key '2019'
2026-02-18 15:48:09,879 - DataProcessor - INFO - Added 55 questions for key '2020'
2026-02-18 15:48:09,881 - DataProcessor - INFO - Added 65 questions for key '2021'
2026-02-18 15:48:09,882 - DataProcessor - INFO - Added 65 questions for key '2022'
2026-02-18 15:48:09,883 - DataProcessor - INFO - Added 65 questions for key '2023'
2026-02-18 15:48:09,886 - DataProcessor - INFO - Added 65 questions for key '2024'
2026-02-18 15:48:09,887 - DataProcessor - INFO - Added 65 questions for key '2025'
2026-02-18 15:48:10,053 - DataProcessor - INFO - Successfully compiled 35 years/sets of questions into gate_ec_all_years.json
2026-02-18 15:48:10,057 - DataProcessor - INFO - Process completed
